
[2m$ vite build[22m
[36mvite v7.3.3 [32mbuilding ssr environment for production...[36m[39m
[2K[1Gtransforming (1) [2m../../node_modules/.pnpm/@sveltejs+kit@2.59.1_@sveltejs+vite-plugin-svelte@6.2.4_svelte@5.55.5_@typescript-eslin_41b95c678bd08653362cd479e12f9b7b/node_modules/@sveltejs/kit/src/runtime/server/index.js[22m[2K[1Gtransforming (11) [2msrc/routes/deploy/+page.svelte[22m[2K[1Gtransforming (19) [2m../../node_modules/.pnpm/@sveltejs+kit@2.59.1_@sveltejs+vite-plugin-svelte@6.2.4_svelte@5.55.5_@typescript-eslin_41b95c678bd08653362cd479e12f9b7b/node_modules/@sveltejs/kit/src/utils/functions.js[22m[2K[1Gtransforming (45) [2m../../node_modules/.pnpm/esm-env@1.2.2/node_modules/esm-env/false.js[22m[2K[1Gtransforming (90) [2m../../node_modules/.pnpm/@sveltejs+kit@2.59.1_@sveltejs+vite-plugin-svelte@6.2.4_svelte@5.55.5_@typescript-eslin_41b95c678bd08653362cd479e12f9b7b/node_modules/@sveltejs/kit/src/runtime/server/endpoint.js[[2K[1Gtransforming (110) [2m../../node_modules/.pnpm/@sveltejs+kit@2.59.1_@sveltejs+vite-plugin-svelte@6.2.4_svelte@5.55.5_@typescript-eslin_41b95c678bd08653362cd479e12f9b7b/node_modules/@sveltejs/kit/src/utils/misc.js[22m[2K[1Gtransforming (1090) [2m../../node_modules/.pnpm/lucide-svelte@0.562.0_svelte@5.55.5_@typescript-eslint+types@8.59.3_/node_modules/lucide-svelte/dist/icons/message-circle-heart.svelte[22m[2K[1Gtransforming (1110) [2m../../node_modules/.pnpm/lucide-svelte@0.562.0_svelte@5.55.5_@typescript-eslint+types@8.59.3_/node_modules/lucide-svelte/dist/icons/message-square-text.svelte[22m[2K[1Gtransforming (1812) [2m../../node_modules/.pnpm/svelte@5.55.5_@typescript-eslint+types@8.59.3/node_modules/svelte/src/internal/client/reactivity/effects.js[22m[2K[1Gtransforming (2110) [2m../../node_modules/.pnpm/lucide-svelte@0.562.0_svelte@5.55.5_@typescript-eslint+types@8.59.3_/node_modules/lucide-svelte/dist/icons/aperture.js[22m[2K[1Gtransforming (2813) [2m../../node_modules/.pnpm/lucide-svelte@0.562.0_svelte@5.55.5_@typescript-eslint+types@8.59.3_/node_modules/lucide-svelte/dist/icons/layout-panel-top.js[22m[2K[1Gtransforming (3110) [2m../../node_modules/.pnpm/lucide-svelte@0.562.0_svelte@5.55.5_@typescript-eslint+types@8.59.3_/node_modules/lucide-svelte/dist/icons/receipt-russian-ruble.js[22m[2K[1Gtransforming (3750) [2m../../node_modules/.pnpm/svelte@5.55.5_@typescript-eslint+types@8.59.3/node_modules/svelte/src/internal/client/dev/equality.js[22m[2K[1G[2K[1G[2K[1G[2K[1G[2K[1G[2K[1G[2K[1G[2K[1G[2K[1G[2K[1G[2K[1G[2K[1G[2K[1G[2K[1G[2K[1G[2K[1G[2K[1G[2K[1G[2K[1G[2K[1G[2K[1G[2K[1G[2K[1G[2K[1G[2K[1G[2K[1G[2K[1G[2K[1G[2K[1G[2K[1G[2K[1G[2K[1G[2K[1G[2K[1G[2K[1G[2K[1G[2K[1G[2K[1G[2K[1G[2K[1G[2K[1G[2K[1G[32m✓[39m 3753 modules transformed.
[2K[1Grendering chunks (1)...[2K[1Grendering chunks (2)...[2K[1Grendering chunks (3)...[2K[1Grendering chunks (4)...[2K[1Grendering chunks (5)...[2K[1Grendering chunks (6)...[2K[1Grendering chunks (7)...[2K[1Grendering chunks (8)...[2K[1Grendering chunks (9)...[2K[1Grendering chunks (10)...[2K[1Grendering chunks (11)...[2K[1Grendering chunks (12)...[2K[1Grendering chunks (13)...[2K[1Grendering chunks (14)...[2K[1Grendering chunks (15)...[2K[1Grendering chunks (16)...[2K[1Grendering chunks (17)...[2K[1Grendering chunks (18)...[2K[1Grendering chunks (19)...[2K[1Grendering chunks (20)...[2K[1Grendering chunks (21)...[2K[1Grendering chunks (22)...[2K[1Grendering chunks (23)...[2K[1Grendering chunks (24)...[2K[1Grendering chunks (25)...[2K[1Grendering chunks (26)...[2K[1Grendering chunks (27)...[2K[1Grendering chunks (28)...[2K[1Grendering chunks (29)...[2K[1Grendering chunks (30)...[2K[1Grendering chunks (31)...[2K[1Grendering chunks (32)...[2K[1Grendering chunks (33)...[2K[1Grendering chunks (34)...[2K[1Grendering chunks (35)...[2K[1Grendering chunks (36)...[2K[1G[36mvite v7.3.3 [32mbuilding client environment for production...[36m[39m
[2K[1Gtransforming (1) [2m../../node_modules/.pnpm/@sveltejs+kit@2.59.1_@sveltejs+vite-plugin-svelte@6.2.4_svelte@5.55.5_@typescript-eslin_41b95c678bd08653362cd479e12f9b7b/node_modules/@sveltejs/kit/src/runtime/client/entry.js[22m[2K[1Gtransforming (28) [2msrc/routes/github/deploy/[repo]/+page.svelte[22m[2K[1Gtransforming (33) [2m../../node_modules/.pnpm/@sveltejs+kit@2.59.1_@sveltejs+vite-plugin-svelte@6.2.4_svelte@5.55.5_@typescript-eslin_41b95c678bd08653362cd479e12f9b7b/node_modules/@sveltejs/kit/src/runtime/app/stores.js[22m[2K[1Gtransforming (48) [2m../../node_modules/.pnpm/@sveltejs+kit@2.59.1_@sveltejs+vite-plugin-svelte@6.2.4_svelte@5.55.5_@typescript-eslin_41b95c678bd08653362cd479e12f9b7b/node_modules/@sveltejs/kit/src/runtime/app/paths/index.js[[2K[1Gtransforming (154) [2m../../node_modules/.pnpm/svelte@5.55.5_@typescript-eslint+types@8.59.3/node_modules/svelte/src/transition/index.js[22m[2K[1Gtransforming (155) [2m../../node_modules/.pnpm/@sveltejs+kit@2.59.1_@sveltejs+vite-plugin-svelte@6.2.4_svelte@5.55.5_@typescript-eslin_41b95c678bd08653362cd479e12f9b7b/node_modules/@sveltejs/kit/src/runtime/app/paths/client.js[2K[1Gtransforming (1163) [2m../../node_modules/.pnpm/lucide-svelte@0.562.0_svelte@5.55.5_@typescript-eslint+types@8.59.3_/node_modules/lucide-svelte/dist/icons/message-circle-warning.svelte[22m[2K[1Gtransforming (1176) [2m../../node_modules/.pnpm/lucide-svelte@0.562.0_svelte@5.55.5_@typescript-eslint+types@8.59.3_/node_modules/lucide-svelte/dist/icons/message-square-reply.svelte[22m[2K[1Gtransforming (1866) [2m../../node_modules/.pnpm/tailwind-merge@3.6.0/node_modules/tailwind-merge/dist/bundle-mjs.mjs[22m[2K[1Gtransforming (2176) [2m../../node_modules/.pnpm/lucide-svelte@0.562.0_svelte@5.55.5_@typescript-eslint+types@8.59.3_/node_modules/lucide-svelte/dist/icons/arrow-left-from-line.js[22m[2K[1Gtransforming (2867) [2m../../node_modules/.pnpm/lucide-svelte@0.562.0_svelte@5.55.5_@typescript-eslint+types@8.59.3_/node_modules/lucide-svelte/dist/icons/line-squiggle.js[22m[2K[1Gtransforming (3176) [2m../../node_modules/.pnpm/lucide-svelte@0.562.0_svelte@5.55.5_@typescript-eslint+types@8.59.3_/node_modules/lucide-svelte/dist/icons/reply-all.js[22m[2K[1Gtransforming (3776) [2msrc/app.css[22m[2K[1G[2K[1G[2K[1G[2K[1G[2K[1G[2K[1G[2K[1G[2K[1G[2K[1G[2K[1G[2K[1G[2K[1G[2K[1G[2K[1G[2K[1G[2K[1G[2K[1G[2K[1G[2K[1G[2K[1G[2K[1G[2K[1G[2K[1G[2K[1G[2K[1G[2K[1G[2K[1G[2K[1G[2K[1G[2K[1G[2K[1G[2K[1G[2K[1G[2K[1G[2K[1G[2K[1G[2K[1G[2K[1G[2K[1G[2K[1G[2K[1G[32m✓[39m 3776 modules transformed.
[2K[1Grendering chunks (1)...[2K[1Grendering chunks (2)...[2K[1Grendering chunks (3)...[2K[1Grendering chunks (4)...[2K[1Grendering chunks (5)...[2K[1Grendering chunks (6)...[2K[1Grendering chunks (7)...[2K[1Grendering chunks (8)...[2K[1Grendering chunks (9)...[2K[1Grendering chunks (10)...[2K[1Grendering chunks (11)...[2K[1Grendering chunks (12)...[2K[1Grendering chunks (13)...[2K[1Grendering chunks (14)...[2K[1Grendering chunks (15)...[2K[1Grendering chunks (16)...[2K[1Grendering chunks (17)...[2K[1Grendering chunks (18)...[2K[1Grendering chunks (19)...[2K[1Grendering chunks (20)...[2K[1Grendering chunks (21)...[2K[1Grendering chunks (22)...[2K[1Grendering chunks (23)...[2K[1Grendering chunks (24)...[2K[1Grendering chunks (25)...[2K[1Grendering chunks (26)...[2K[1Grendering chunks (27)...[2K[1Grendering chunks (28)...[2K[1Grendering chunks (29)...[2K[1Grendering chunks (30)...[2K[1Grendering chunks (31)...[2K[1Grendering chunks (32)...[2K[1Grendering chunks (33)...[2K[1Grendering chunks (34)...[2K[1Grendering chunks (35)...[2K[1Grendering chunks (36)...[2K[1Grendering chunks (37)...[2K[1Grendering chunks (38)...[2K[1Grendering chunks (39)...[2K[1Grendering chunks (40)...[2K[1Grendering chunks (41)...[2K[1Grendering chunks (42)...[2K[1Grendering chunks (43)...[2K[1Grendering chunks (44)...[2K[1Grendering chunks (45)...[2K[1Grendering chunks (46)...[2K[1Grendering chunks (47)...[2K[1Grendering chunks (48)...[2K[1Grendering chunks (49)...[2K[1Grendering chunks (50)...[2K[1G[2K[1Gcomputing gzip size (0)...[2K[1Gcomputing gzip size (1)...[2K[1Gcomputing gzip size (2)...[2K[1Gcomputing gzip size (3)...[2K[1Gcomputing gzip size (4)...[2K[1Gcomputing gzip size (5)...[2K[1Gcomputing gzip size (6)...[2K[1Gcomputing gzip size (7)...[2K[1Gcomputing gzip size (8)...[2K[1Gcomputing gzip size (9)...[2K[1Gcomputing gzip size (10)...[2K[1Gcomputing gzip size (11)...[2K[1Gcomputing gzip size (12)...[2K[1Gcomputing gzip size (13)...[2K[1Gcomputing gzip size (14)...[2K[1Gcomputing gzip size (15)...[2K[1Gcomputing gzip size (16)...[2K[1Gcomputing gzip size (17)...[2K[1Gcomputing gzip size (18)...[2K[1Gcomputing gzip size (19)...[2K[1Gcomputing gzip size (20)...[2K[1Gcomputing gzip size (21)...[2K[1Gcomputing gzip size (22)...[2K[1Gcomputing gzip size (23)...[2K[1Gcomputing gzip size (24)...[2K[1Gcomputing gzip size (25)...[2K[1Gcomputing gzip size (26)...[2K[1Gcomputing gzip size (27)...[2K[1Gcomputing gzip size (28)...[2K[1Gcomputing gzip size (29)...[2K[1Gcomputing gzip size (30)...[2K[1Gcomputing gzip size (31)...[2K[1Gcomputing gzip size (32)...[2K[1Gcomputing gzip size (33)...[2K[1Gcomputing gzip size (34)...[2K[1Gcomputing gzip size (35)...[2K[1Gcomputing gzip size (36)...[2K[1Gcomputing gzip size (37)...[2K[1Gcomputing gzip size (38)...[2K[1Gcomputing gzip size (39)...[2K[1Gcomputing gzip size (40)...[2K[1Gcomputing gzip size (41)...[2K[1Gcomputing gzip size (42)...[2K[1Gcomputing gzip size (43)...[2K[1Gcomputing gzip size (44)...[2K[1Gcomputing gzip size (45)...[2K[1Gcomputing gzip size (46)...[2K[1Gcomputing gzip size (47)...[2K[1Gcomputing gzip size (48)...[2K[1Gcomputing gzip size (49)...[2K[1Gcomputing gzip size (50)...[2K[1Gcomputing gzip size (51)...[2K[1Gcomputing gzip size (52)...[2K[1Gcomputing gzip size (53)...[2K[1G[2m.svelte-kit/output/client/[22m[32m_app/version.json                       [39m[1m[2m 0.03 kB[22m[1m[22m[2m │ gzip:  0.05 kB[22m
[2m.svelte-kit/output/client/[22m[32m.vite/manifest.json                     [39m[1m[2m15.56 kB[22m[1m[22m[2m │ gzip:  1.80 kB[22m
[2m.svelte-kit/output/client/[22m[35m_app/immutable/assets/0.B5FLkIXr.css    [39m[1m[2m38.44 kB[22m[1m[22m[2m │ gzip:  7.18 kB[22m
[2m.svelte-kit/output/client/[22m[36m_app/immutable/entry/start.CjupxCvF.js  [39m[1m[2m 0.08 kB[22m[1m[22m[2m │ gzip:  0.09 kB[22m
[2m.svelte-kit/output/client/[22m[36m_app/immutable/chunks/C1CRZP2u.js       [39m[1m[2m 0.23 kB[22m[1m[22m[2m │ gzip:  0.16 kB[22m
[2m.svelte-kit/output/client/[22m[36m_app/immutable/chunks/CViObwPD.js       [39m[1m[2m 0.37 kB[22m[1m[22m[2m │ gzip:  0.26 kB[22m
[2m.svelte-kit/output/client/[22m[36m_app/immutable/chunks/B_craD7n.js       [39m[1m[2m 0.40 kB[22m[1m[22m[2m │ gzip:  0.29 kB[22m
[2m.svelte-kit/output/client/[22m[36m_app/immutable/chunks/BMnH-HmQ.js       [39m[1m[2m 0.43 kB[22m[1m[22m[2m │ gzip:  0.29 kB[22m
[2m.svelte-kit/output/client/[22m[36m_app/immutable/chunks/BkWyhD2B.js       [39m[1m[2m 0.45 kB[22m[1m[22m[2m │ gzip:  0.32 kB[22m
[2m.svelte-kit/output/client/[22m[36m_app/immutable/chunks/BAxiaRet.js       [39m[1m[2m 0.45 kB[22m[1m[22m[2m │ gzip:  0.32 kB[22m
[2m.svelte-kit/output/client/[22m[36m_app/immutable/chunks/w0vMD6oe.js       [39m[1m[2m 0.46 kB[22m[1m[22m[2m │ gzip:  0.33 kB[22m
[2m.svelte-kit/output/client/[22m[36m_app/immutable/nodes/1.CVrmtpvv.js      [39m[1m[2m 0.47 kB[22m[1m[22m[2m │ gzip:  0.31 kB[22m
[2m.svelte-kit/output/client/[22m[36m_app/immutable/chunks/BikoeT_g.js       [39m[1m[2m 0.52 kB[22m[1m[22m[2m │ gzip:  0.35 kB[22m
[2m.svelte-kit/output/client/[22m[36m_app/immutable/chunks/BCJHsvEv.js       [39m[1m[2m 0.52 kB[22m[1m[22m[2m │ gzip:  0.30 kB[22m
[2m.svelte-kit/output/client/[22m[36m_app/immutable/chunks/DaeAypOU.js       [39m[1m[2m 0.54 kB[22m[1m[22m[2m │ gzip:  0.38 kB[22m
[2m.svelte-kit/output/client/[22m[36m_app/immutable/chunks/C-nDUlWU.js       [39m[1m[2m 0.54 kB[22m[1m[22m[2m │ gzip:  0.37 kB[22m
[2m.svelte-kit/output/client/[22m[36m_app/immutable/chunks/C4eCzyFi.js       [39m[1m[2m 0.57 kB[22m[1m[22m[2m │ gzip:  0.39 kB[22m
[2m.svelte-kit/output/client/[22m[36m_app/immutable/chunks/CGyWybVZ.js       [39m[1m[2m 0.58 kB[22m[1m[22m[2m │ gzip:  0.38 kB[22m
[2m.svelte-kit/output/client/[22m[36m_app/immutable/chunks/CKvk6o8p.js       [39m[1m[2m 0.58 kB[22m[1m[22m[2m │ gzip:  0.38 kB[22m
[2m.svelte-kit/output/client/[22m[36m_app/immutable/chunks/CuvdfhuY.js       [39m[1m[2m 0.58 kB[22m[1m[22m[2m │ gzip:  0.40 kB[22m
[2m.svelte-kit/output/client/[22m[36m_app/immutable/chunks/B9gY4CnP.js       [39m[1m[2m 0.59 kB[22m[1m[22m[2m │ gzip:  0.38 kB[22m
[2m.svelte-kit/output/client/[22m[36m_app/immutable/chunks/CembcKI5.js       [39m[1m[2m 0.60 kB[22m[1m[22m[2m │ gzip:  0.39 kB[22m
[2m.svelte-kit/output/client/[22m[36m_app/immutable/chunks/DJCCfiXe.js       [39m[1m[2m 0.60 kB[22m[1m[22m[2m │ gzip:  0.37 kB[22m
[2m.svelte-kit/output/client/[22m[36m_app/immutable/chunks/D5pcz24Q.js       [39m[1m[2m 0.64 kB[22m[1m[22m[2m │ gzip:  0.40 kB[22m
[2m.svelte-kit/output/client/[22m[36m_app/immutable/chunks/BAhrzvGk.js       [39m[1m[2m 0.69 kB[22m[1m[22m[2m │ gzip:  0.43 kB[22m
[2m.svelte-kit/output/client/[22m[36m_app/immutable/chunks/wZh7juTd.js       [39m[1m[2m 0.70 kB[22m[1m[22m[2m │ gzip:  0.47 kB[22m
[2m.svelte-kit/output/client/[22m[36m_app/immutable/chunks/DlBbJEXY.js       [39m[1m[2m 0.72 kB[22m[1m[22m[2m │ gzip:  0.47 kB[22m
[2m.svelte-kit/output/client/[22m[36m_app/immutable/chunks/kwbsjFYd.js       [39m[1m[2m 0.75 kB[22m[1m[22m[2m │ gzip:  0.45 kB[22m
[2m.svelte-kit/output/client/[22m[36m_app/immutable/chunks/DrSu48zO.js       [39m[1m[2m 0.77 kB[22m[1m[22m[2m │ gzip:  0.39 kB[22m
[2m.svelte-kit/output/client/[22m[36m_app/immutable/chunks/B1bf4dIU.js       [39m[1m[2m 0.78 kB[22m[1m[22m[2m │ gzip:  0.41 kB[22m
[2m.svelte-kit/output/client/[22m[36m_app/immutable/chunks/D7HFd_XT.js       [39m[1m[2m 0.98 kB[22m[1m[22m[2m │ gzip:  0.39 kB[22m
[2m.svelte-kit/output/client/[22m[36m_app/immutable/chunks/Dkh_rz_F.js       [39m[1m[2m 1.42 kB[22m[1m[22m[2m │ gzip:  0.82 kB[22m
[2m.svelte-kit/output/client/[22m[36m_app/immutable/chunks/DcA3UzX1.js       [39m[1m[2m 1.47 kB[22m[1m[22m[2m │ gzip:  0.71 kB[22m
[2m.svelte-kit/output/client/[22m[36m_app/immutable/chunks/Cip671Ag.js       [39m[1m[2m 1.75 kB[22m[1m[22m[2m │ gzip:  0.88 kB[22m
[2m.svelte-kit/output/client/[22m[36m_app/immutable/nodes/10.tv_5hHoM.js     [39m[1m[2m 2.40 kB[22m[1m[22m[2m │ gzip:  1.22 kB[22m
[2m.svelte-kit/output/client/[22m[36m_app/immutable/chunks/D9Drqqpy.js       [39m[1m[2m 2.52 kB[22m[1m[22m[2m │ gzip:  1.39 kB[22m
[2m.svelte-kit/output/client/[22m[36m_app/immutable/nodes/7.0OSJvN0Z.js      [39m[1m[2m 2.93 kB[22m[1m[22m[2m │ gzip:  1.23 kB[22m
[2m.svelte-kit/output/client/[22m[36m_app/immutable/chunks/CkG67p5r.js       [39m[1m[2m 4.92 kB[22m[1m[22m[2m │ gzip:  1.95 kB[22m
[2m.svelte-kit/output/client/[22m[36m_app/immutable/nodes/4.T_ZQHDPc.js      [39m[1m[2m 5.37 kB[22m[1m[22m[2m │ gzip:  2.03 kB[22m
[2m.svelte-kit/output/client/[22m[36m_app/immutable/nodes/8.q7CCLmpX.js      [39m[1m[2m 5.51 kB[22m[1m[22m[2m │ gzip:  2.29 kB[22m
[2m.svelte-kit/output/client/[22m[36m_app/immutable/entry/app.CcGM--Kj.js    [39m[1m[2m 7.68 kB[22m[1m[22m[2m │ gzip:  3.21 kB[22m
[2m.svelte-kit/output/client/[22m[36m_app/immutable/chunks/Cdd3ej06.js       [39m[1m[2m 8.95 kB[22m[1m[22m[2m │ gzip:  3.96 kB[22m
[2m.svelte-kit/output/client/[22m[36m_app/immutable/nodes/0.DzeZnImA.js      [39m[1m[2m 9.27 kB[22m[1m[22m[2m │ gzip:  3.36 kB[22m
[2m.svelte-kit/output/client/[22m[36m_app/immutable/nodes/3.BY7_TTJU.js      [39m[1m[2m10.13 kB[22m[1m[22m[2m │ gzip:  3.81 kB[22m
[2m.svelte-kit/output/client/[22m[36m_app/immutable/nodes/6.b6297P4l.js      [39m[1m[2m10.94 kB[22m[1m[22m[2m │ gzip:  3.47 kB[22m
[2m.svelte-kit/output/client/[22m[36m_app/immutable/nodes/2.C7V8hf4v.js      [39m[1m[2m11.88 kB[22m[1m[22m[2m │ gzip:  3.91 kB[22m
[2m.svelte-kit/output/client/[22m[36m_app/immutable/nodes/11.DXQX2eBR.js     [39m[1m[2m13.65 kB[22m[1m[22m[2m │ gzip:  4.42 kB[22m
[2m.svelte-kit/output/client/[22m[36m_app/immutable/nodes/5.2pYIiacJ.js      [39m[1m[2m14.19 kB[22m[1m[22m[2m │ gzip:  4.98 kB[22m
[2m.svelte-kit/output/client/[22m[36m_app/immutable/chunks/VIKIBg_J.js       [39m[1m[2m25.55 kB[22m[1m[22m[2m │ gzip: 10.03 kB[22m
[2m.svelte-kit/output/client/[22m[36m_app/immutable/chunks/CzKdL_Dn.js       [39m[1m[2m26.40 kB[22m[1m[22m[2m │ gzip: 10.33 kB[22m
[2m.svelte-kit/output/client/[22m[36m_app/immutable/nodes/12.DUf2IQ2l.js     [39m[1m[2m28.09 kB[22m[1m[22m[2m │ gzip:  6.99 kB[22m
[2m.svelte-kit/output/client/[22m[36m_app/immutable/chunks/Ci2-MnDq.js       [39m[1m[2m38.68 kB[22m[1m[22m[2m │ gzip: 13.60 kB[22m
[2m.svelte-kit/output/client/[22m[36m_app/immutable/nodes/9.CjygHNzI.js      [39m[1m[2m47.87 kB[22m[1m[22m[2m │ gzip: 13.92 kB[22m
[32m✓ built in 8.56s[39m
[2K[1G[2m.svelte-kit/output/server/[22m[32m.vite/manifest.json                                 [39m[1m[2m  8.83 kB[22m[1m[22m
[2m.svelte-kit/output/server/[22m[35m_app/immutable/assets/_layout.B5FLkIXr.css          [39m[1m[2m 38.44 kB[22m[1m[22m
[2m.svelte-kit/output/server/[22m[36mentries/pages/apps/_name_/_page.ts.js               [39m[1m[2m  0.05 kB[22m[1m[22m
[2m.svelte-kit/output/server/[22m[36mentries/pages/github/deploy/_repo_/_page.ts.js      [39m[1m[2m  0.05 kB[22m[1m[22m
[2m.svelte-kit/output/server/[22m[36mentries/pages/_layout.ts.js                         [39m[1m[2m  0.07 kB[22m[1m[22m
[2m.svelte-kit/output/server/[22m[36minternal.js                                         [39m[1m[2m  0.35 kB[22m[1m[22m
[2m.svelte-kit/output/server/[22m[36mchunks/state.svelte.js                              [39m[1m[2m  0.45 kB[22m[1m[22m
[2m.svelte-kit/output/server/[22m[36mchunks/environment.js                               [39m[1m[2m  0.62 kB[22m[1m[22m
[2m.svelte-kit/output/server/[22m[36mchunks/stores.js                                    [39m[1m[2m  0.72 kB[22m[1m[22m
[2m.svelte-kit/output/server/[22m[36mchunks/Card.js                                      [39m[1m[2m  0.73 kB[22m[1m[22m
[2m.svelte-kit/output/server/[22m[36mentries/pages/_layout.svelte.js                     [39m[1m[2m  0.83 kB[22m[1m[22m
[2m.svelte-kit/output/server/[22m[36mentries/pages/container/_page.svelte.js             [39m[1m[2m  0.96 kB[22m[1m[22m
[2m.svelte-kit/output/server/[22m[36mchunks/toasts.js                                    [39m[1m[2m  0.97 kB[22m[1m[22m
[2m.svelte-kit/output/server/[22m[36mentries/pages/github/_page.svelte.js                [39m[1m[2m  1.05 kB[22m[1m[22m
[2m.svelte-kit/output/server/[22m[36mchunks/utils.js                                     [39m[1m[2m  1.09 kB[22m[1m[22m
[2m.svelte-kit/output/server/[22m[36mentries/fallbacks/error.svelte.js                   [39m[1m[2m  1.13 kB[22m[1m[22m
[2m.svelte-kit/output/server/[22m[36mentries/pages/metrics/_page.svelte.js               [39m[1m[2m  1.22 kB[22m[1m[22m
[2m.svelte-kit/output/server/[22m[36mentries/pages/_page.svelte.js                       [39m[1m[2m  1.37 kB[22m[1m[22m
[2m.svelte-kit/output/server/[22m[36mentries/pages/apps/_name_/_page.svelte.js           [39m[1m[2m  1.41 kB[22m[1m[22m
[2m.svelte-kit/output/server/[22m[36mchunks/index.js                                     [39m[1m[2m  1.41 kB[22m[1m[22m
[2m.svelte-kit/output/server/[22m[36mentries/pages/apps/_page.svelte.js                  [39m[1m[2m  1.60 kB[22m[1m[22m
[2m.svelte-kit/output/server/[22m[36mentries/pages/github/deploy/_repo_/_page.svelte.js  [39m[1m[2m  1.65 kB[22m[1m[22m
[2m.svelte-kit/output/server/[22m[36mchunks/Button.js                                    [39m[1m[2m  1.67 kB[22m[1m[22m
[2m.svelte-kit/output/server/[22m[36mchunks/api.js                                       [39m[1m[2m  1.85 kB[22m[1m[22m
[2m.svelte-kit/output/server/[22m[36mchunks/render-context.js                            [39m[1m[2m  2.29 kB[22m[1m[22m
[2m.svelte-kit/output/server/[22m[36mchunks/Icon.js                                      [39m[1m[2m  2.33 kB[22m[1m[22m
[2m.svelte-kit/output/server/[22m[36mchunks/github.js                                    [39m[1m[2m  2.38 kB[22m[1m[22m
[2m.svelte-kit/output/server/[22m[36mentries/pages/login/_page.svelte.js                 [39m[1m[2m  2.62 kB[22m[1m[22m
[2m.svelte-kit/output/server/[22m[36mchunks/internal.js                                  [39m[1m[2m  3.67 kB[22m[1m[22m
[2m.svelte-kit/output/server/[22m[36mchunks/exports.js                                   [39m[1m[2m  5.59 kB[22m[1m[22m
[2m.svelte-kit/output/server/[22m[36mentries/pages/deploy/_page.svelte.js                [39m[1m[2m  6.01 kB[22m[1m[22m
[2m.svelte-kit/output/server/[22m[36mentries/pages/logs/_page.svelte.js                  [39m[1m[2m 22.82 kB[22m[1m[22m
[2m.svelte-kit/output/server/[22m[36mentries/pages/activity/_page.svelte.js              [39m[1m[2m 23.13 kB[22m[1m[22m
[2m.svelte-kit/output/server/[22m[36mchunks/root.js                                      [39m[1m[2m 28.27 kB[22m[1m[22m
[2m.svelte-kit/output/server/[22m[36mremote-entry.js                                     [39m[1m[2m 30.50 kB[22m[1m[22m
[2m.svelte-kit/output/server/[22m[36mchunks/shared.js                                    [39m[1m[2m 34.24 kB[22m[1m[22m
[2m.svelte-kit/output/server/[22m[36mchunks/renderer.js                                  [39m[1m[2m 96.43 kB[22m[1m[22m
[2m.svelte-kit/output/server/[22m[36mindex.js                                            [39m[1m[2m130.66 kB[22m[1m[22m
[32m✓ built in 18.42s[39m

Run [1m[36mnpm run preview[22m[39m to preview your production build locally.
[1m[36m
> Using @sveltejs/adapter-static[22m[39m
[1m[33mOverwriting ../public/index.html with fallback page. Consider using a different name for the fallback.[22m[39m
  Wrote site to "../public"
  [32m✔ done[39m
